<mxfile host="app.diagrams.net" modified="{{ .Modified }}" agent="5.0 (X11)" etag="{{ .Etag }}" version="17.4.2" type="device">
    <diagram id="{{ .ID }}" name="Test">
        <mxGraphModel dx="0" dy="0" grid="0" gridSize="25" guides="0" tooltips="0" connect="0" arrows="0" fold="0" page="0" pageScale="1" pageWidth="827" pageHeight="1169" math="0" shadow="1">
            <root>
                <mxCell id="0"></mxCell>
                <mxCell id="1" parent="0"></mxCell>
            </root>
        </mxGraphModel>
    </diagram>
</mxfile>