<mxfile host="app.diagrams.net" modified="2022-04-10T09:33:09.085Z" agent="5.0 (X11)" etag="fC_GmiomcjAtfOR-YLAa" version="17.4.2" type="device">
  <diagram id="Z21_1_7TJZtvcwcqZcWw" name="Page-1">zJVRb7owFMU/TR//ibSK+OjfocsSswcfzB47egdNijW1Au7TL4wL2MHMNJj4Jj/OtT33nATCFmmxMnyfrLUARehIFIQ9EUo9Nh0TSktyqsjMYxWIjRQoasFGfgLCEdKjFHBwhFZrZeXehZHe7SCyDuPG6NyVfWjlnrrnMXTAJuKqS7dS2KSiAZ22/BlknNQne/6sepPyWoxODgkXOj9DLCRsYbS21a+0WIAql1fvpRURusS3/crmkgZ29trhtYH522v4Asut/1+w0L7n2b9J9x/xkIM+mggujNYpcRODvaDDHoBwAsA7rkCnYM2pTBETjBtUjhlQ3MqsM/rttpm+fQE9K0WUgbFQ3HBlnBljH07uY962y6srk5w1yx8N7pHezeMDmfRvbzL7Y5PpQzeZ3S1lz3dTbp7PYg56Ug6GT3n6u0mujrjbucq40cN4Z8GPhk+63v0e7+wa74Qu2+9DJW+/siz8CgAA//8=</diagram>
</mxfile>