<mxfile host="app.diagrams.net" modified="2022-04-10T09:33:09.085Z" agent="5.0 (X11)" etag="fC_GmiomcjAtfOR-YLAa" version="17.4.2" type="device">
  <diagram id="Z21_1_7TJZtvcwcqZcWw" name="Page-1">
    <mxGraphModel dx="1374" dy="913" grid="1" gridSize="10" guides="1" tooltips="1" connect="1" arrows="1" fold="1" page="1" pageScale="1" pageWidth="827" pageHeight="1169" math="0" shadow="0">
      <root>
        <mxCell id="0"></mxCell>
        <mxCell id="1" parent="0"></mxCell>
        <mxCell id="MreAYOEJeFW6Bd3Etbwv-5" parent="1" source="MreAYOEJeFW6Bd3Etbwv-1" target="MreAYOEJeFW6Bd3Etbwv-3" edge="1">
          <mxGeometry as="geometry" relative="1"></mxGeometry>
        </mxCell>
        <mxCell id="MreAYOEJeFW6Bd3Etbwv-1" parent="1" vertex="1">
          <mxGeometry as="geometry" x="40" y="40" width="120" height="60"></mxGeometry>
        </mxCell>
        <mxCell id="MreAYOEJeFW6Bd3Etbwv-2" parent="1" vertex="1">
          <mxGeometry as="geometry" x="240" y="40" width="120" height="60"></mxGeometry>
        </mxCell>
        <mxCell id="MreAYOEJeFW6Bd3Etbwv-6" parent="1" source="MreAYOEJeFW6Bd3Etbwv-3" target="MreAYOEJeFW6Bd3Etbwv-2" edge="1">
          <mxGeometry as="geometry" relative="1"></mxGeometry>
        </mxCell>
        <mxCell id="MreAYOEJeFW6Bd3Etbwv-3" parent="1" vertex="1">
          <mxGeometry as="geometry" x="160" y="160" width="80" height="80"></mxGeometry>
        </mxCell>
        <mxCell id="MreAYOEJeFW6Bd3Etbwv-7" parent="1" value="Alvaro" vertex="1">
          <mxGeometry as="geometry" x="380" y="450" width="60" height="30"></mxGeometry>
        </mxCell>
      </root>
    </mxGraphModel>
  </diagram>
</mxfile>